     0  *ast.FuncDecl {
     1  .  Func: <string>:1:1
     2  .  LeftBrace: <string>:1:14
     3  .  RightBrace: <string>:1:34
     4  .  Name: *ast.Identifier {
     5  .  .  NamePos: <string>:1:6
     6  .  .  Name: "empty"
     7  .  }
     8  .  Parameters: *ast.FieldList {
     9  .  .  Opening: <string>:1:11
    10  .  .  Closing: <string>:1:12
    11  .  }
    12  }
