module 'test' []
'a'/0 =
    (fun () ->
    'a')
end