module 'test_a' []
'a'/0 =
    (fun () ->
    'a')
end