     0  *ast.Module {
     1  .  File: *token.File {
     2  .  .  Name: "<test>"
     3  .  .  Size: 64
     4  .  }
     5  .  Id: *ast.Identifier {
     6  .  .  NamePos: <test>:1:8
     7  .  .  Name: "test"
     8  .  }
     9  .  Decls: []ast.Decl (len = 2) {
    10  .  .  0: *ast.BadDecl {
    11  .  .  .  From: <test>:2:1
    12  .  .  .  To: <test>:2:22
    13  .  .  }
    14  .  .  1: *ast.FuncDecl {
    15  .  .  .  Func: <test>:3:1
    16  .  .  .  Export: <test>
    17  .  .  .  LeftBrace: <test>:3:14
    18  .  .  .  RightBrace: <test>:3:29
    19  .  .  .  Name: *ast.Identifier {
    20  .  .  .  .  NamePos: <test>:3:6
    21  .  .  .  .  Name: "hello"
    22  .  .  .  }
    23  .  .  .  Statements: []ast.Statement (len = 1) {
    24  .  .  .  .  0: *ast.ReturnStatement {
    25  .  .  .  .  .  Return: <test>
    26  .  .  .  .  .  Expression: *ast.AtomLiteral {
    27  .  .  .  .  .  .  QuotePos: <test>:3:23
    28  .  .  .  .  .  .  Value: "abc"
    29  .  .  .  .  .  }
    30  .  .  .  .  }
    31  .  .  .  }
    32  .  .  }
    33  .  }
    34  }
