     0  *ast.FuncDecl {
     1  .  Func: 1
     2  .  Export: 0
     3  .  LeftBrace: 14
     4  .  RightBrace: 34
     5  .  Name: *ast.Identifier {
     6  .  .  NamePos: 6
     7  .  .  Name: "empty"
     8  .  }
     9  }
