     0  *ast.Module {
     1  .  File: *token.File {
     2  .  .  Name: "<test>"
     3  .  .  Size: 47
     4  .  }
     5  .  Id: *ast.Identifier {
     6  .  .  NamePos: <test>:1:8
     7  .  .  Name: "test"
     8  .  }
     9  .  Decls: []ast.Decl (len = 2) {
    10  .  .  0: *ast.ImportDecl {
    11  .  .  .  Import: <test>:1:14
    12  .  .  .  Path: *ast.StringLiteral {
    13  .  .  .  .  QuotePos: <test>:1:21
    14  .  .  .  .  Value: "a/b/c"
    15  .  .  .  }
    16  .  .  }
    17  .  .  1: *ast.ImportDecl {
    18  .  .  .  Import: <test>:1:30
    19  .  .  .  Alias: *ast.Identifier {
    20  .  .  .  .  NamePos: <test>:1:37
    21  .  .  .  .  Name: "b"
    22  .  .  .  }
    23  .  .  .  Path: *ast.StringLiteral {
    24  .  .  .  .  QuotePos: <test>:1:39
    25  .  .  .  .  Value: "belong"
    26  .  .  .  }
    27  .  .  }
    28  .  }
    29  .  Imports: []*ast.ImportDecl (len = 2) {
    30  .  .  0: *(obj @ 10)
    31  .  .  1: *(obj @ 17)
    32  .  }
    33  }
