     0  *ast.FuncDecl {
     1  .  Func: 1
     2  .  LeftBrace: 22
     3  .  RightBrace: 23
     4  .  Name: *ast.Identifier {
     5  .  .  NamePos: 6
     6  .  .  Name: "params"
     7  .  }
     8  .  Parameters: []*ast.Identifier (len = 3) {
     9  .  .  0: *ast.Identifier {
    10  .  .  .  NamePos: 13
    11  .  .  .  Name: "a"
    12  .  .  }
    13  .  .  1: *ast.Identifier {
    14  .  .  .  NamePos: 16
    15  .  .  .  Name: "b"
    16  .  .  }
    17  .  .  2: *ast.Identifier {
    18  .  .  .  NamePos: 19
    19  .  .  .  Name: "c"
    20  .  .  }
    21  .  }
    22  }
