     0  *ast.Module {
     1  .  File: *token.File {
     2  .  .  Name: "<test>"
     3  .  .  Size: 43
     4  .  }
     5  .  Id: *ast.Identifier {
     6  .  .  NamePos: <test>:1:8
     7  .  .  Name: "test"
     8  .  }
     9  .  Decls: []ast.Decl (len = 1) {
    10  .  .  0: *ast.TypeDecl {
    11  .  .  .  Type: <test>:1:14
    12  .  .  .  Export: <test>
    13  .  .  .  Name: *ast.Identifier {
    14  .  .  .  .  NamePos: <test>:1:19
    15  .  .  .  .  Name: "Foo"
    16  .  .  .  }
    17  .  .  .  Definition: *ast.TupleType {
    18  .  .  .  .  Tuple: <test>:1:23
    19  .  .  .  .  Elts: *ast.FieldList {
    20  .  .  .  .  .  Opening: <test>:1:28
    21  .  .  .  .  .  List: []*ast.Field (len = 3) {
    22  .  .  .  .  .  .  0: *ast.Field {
    23  .  .  .  .  .  .  .  Type: *ast.Identifier {
    24  .  .  .  .  .  .  .  .  NamePos: <test>:1:29
    25  .  .  .  .  .  .  .  .  Name: "int"
    26  .  .  .  .  .  .  .  }
    27  .  .  .  .  .  .  }
    28  .  .  .  .  .  .  1: *ast.Field {
    29  .  .  .  .  .  .  .  Type: *ast.Identifier {
    30  .  .  .  .  .  .  .  .  NamePos: <test>:1:34
    31  .  .  .  .  .  .  .  .  Name: "int"
    32  .  .  .  .  .  .  .  }
    33  .  .  .  .  .  .  }
    34  .  .  .  .  .  .  2: *ast.Field {
    35  .  .  .  .  .  .  .  Type: *ast.Identifier {
    36  .  .  .  .  .  .  .  .  NamePos: <test>:1:39
    37  .  .  .  .  .  .  .  .  Name: "int"
    38  .  .  .  .  .  .  .  }
    39  .  .  .  .  .  .  }
    40  .  .  .  .  .  }
    41  .  .  .  .  .  Closing: <test>:1:42
    42  .  .  .  .  }
    43  .  .  .  }
    44  .  .  }
    45  .  }
    46  }
