<test>:1:19: expected function name after 'func' keyword, got (
