'a'/0 =
    (fun () ->
        'a'
        -| [{'function',{'a',0}}])
