'test'/0 =
    (fun () ->
        let <_0> =
            'b'
        in call 'erlang':'module_info'
            (_0)
        -| [{'function',{'test',0}}])
