module 'attributes' []
    attributes [
        'a' =
            'b',
        'c' =
            [{'d','e'}|['f'|['g'|[]]]]]
'a'/0 =
    fun () ->
        'a'
end