module 'do' []
    attributes [
        ]
'a'/0 =
    fun () ->
        do 
            'before'
            'after'
end