module 'exports' ['a'/0,'b'/1]
    attributes [
        ]
'a'/0 =
    fun () ->
        'a'
'b'/1 =
    fun () ->
        'b'
end