module 'intermodule' []
    attributes [
        ]
'a'/0 =
    (fun () ->
        call apply 'app'
            ('c'):'c'
            ('d')
        -| [])
end