module 'list' []
    attributes [
        ]
'a'/0 =
    fun () ->
        ['a'|['b'|[]]]
end