<test>:1:14: expected func, got "fn" (Identifier)
