<test>:1:8: expected module name after 'module' keyword, got {
