<test>:1:25: expected ';' after function declaration, got {
