<test>:4:1: expected function name after 'func' keyword, got func
