<test>:1:1: expected 'module' keyword at start of file
